
> paranext-extension-template@0.0.1 typecheck
> tsc -p ./tsconfig.json

../paranext-core/dev-appdata/cache/extension-types/helloWorld/index.d.ts(5,15): error TS2300: Duplicate identifier 'HelloWorldProjectDataTypes'.
../paranext-core/dev-appdata/cache/extension-types/helloWorld/index.d.ts(15,15): error TS2300: Duplicate identifier 'HelloWorldProjectDataProviderMethods'.
../paranext-core/dev-appdata/cache/extension-types/helloWorld/index.d.ts(27,15): error TS2300: Duplicate identifier 'IHelloWorldProjectDataProvider'.
../paranext-core/dev-appdata/cache/extension-types/helloWorld/index.d.ts(31,8): error TS2300: Duplicate identifier 'HelloWorldEvent'.
../paranext-core/dev-appdata/cache/extension-types/helloWorld/index.d.ts(40,8): error TS2300: Duplicate identifier 'HTMLColorNames'.
../paranext-core/dev-appdata/cache/extension-types/platformScripture/index.d.ts(1,1): error TS6200: Definitions of the following identifiers conflict with those in another file: USFMBookProjectInterfaceDataTypes, USFMChapterProjectInterfaceDataTypes, USFMVerseProjectInterfaceDataTypes, USXBookProjectInterfaceDataTypes, USXChapterProjectInterfaceDataTypes, USXVerseProjectInterfaceDataTypes, USJBookProjectInterfaceDataTypes, USJChapterProjectInterfaceDataTypes, USJVerseProjectInterfaceDataTypes, UnfinishedScriptureProjectDataTypes, UnfinishedProjectDataProviderExpanded, IUSFMBookProjectDataProvider, IUSFMChapterProjectDataProvider, IUSFMVerseProjectDataProvider, IUSXBookProjectDataProvider, IUSXChapterProjectDataProvider, IUSXVerseProjectDataProvider, IUSJBookProjectDataProvider, IUSJChapterProjectDataProvider, IUSJVerseProjectDataProvider, CheckDetails, CheckDetailsWithCheckId, Check, CheckCreatorFunction, ScriptureRange, CheckInputRange, CheckLocation, CheckRunResult, CheckRunnerCheckDetails, CheckRunnerDataTypes, ICheckRunner, ICheckHostingService, ICheckAggregatorService
../paranext-core/dev-appdata/cache/extension-types/projectNotesDataProvider/index.d.ts(1,1): error TS6200: Definitions of the following identifiers conflict with those in another file: ProjectNotesProviderDataTypes, ProjectNotesDataProvider, ProjectNote, ScriptureTextSelection, UserInfo, Comment, Language, Font, CommentParagraph, FormattedString, Bold, Italic, Plain, ProjectNotesSelector, ProjectNotesDataProviderExpanded
../paranext-core/dev-appdata/cache/extension-types/usfm-data-provider/index.d.ts(14,15): error TS2300: Duplicate identifier 'UsfmProviderDataTypes'.
../paranext-core/dev-appdata/cache/extension-types/usfm-data-provider/index.d.ts(22,15): error TS2300: Duplicate identifier 'UsfmDataProvider'.
../paranext-core/dev-appdata/cache/extension-types/usfm-data-provider/index.d.ts(369,17): error TS2724: '"papi-shared-types"' has no exported member named 'IProjectStorageInterpreter'. Did you mean 'ProjectStorageInterpreters'?
../paranext-core/dev-appdata/cache/extension-types/usfmDataProvider/index.d.ts(5,15): error TS2300: Duplicate identifier 'UsfmProviderDataTypes'.
../paranext-core/dev-appdata/cache/extension-types/usfmDataProvider/index.d.ts(13,15): error TS2300: Duplicate identifier 'UsfmDataProvider'.
../paranext-core/extensions/src/hello-world/src/types/hello-world.d.ts(5,15): error TS2300: Duplicate identifier 'HelloWorldProjectDataTypes'.
../paranext-core/extensions/src/hello-world/src/types/hello-world.d.ts(15,15): error TS2300: Duplicate identifier 'HelloWorldProjectDataProviderMethods'.
../paranext-core/extensions/src/hello-world/src/types/hello-world.d.ts(27,15): error TS2300: Duplicate identifier 'IHelloWorldProjectDataProvider'.
../paranext-core/extensions/src/hello-world/src/types/hello-world.d.ts(31,8): error TS2300: Duplicate identifier 'HelloWorldEvent'.
../paranext-core/extensions/src/hello-world/src/types/hello-world.d.ts(40,8): error TS2300: Duplicate identifier 'HTMLColorNames'.
../paranext-core/extensions/src/platform-scripture/src/types/platform-scripture.d.ts(1,1): error TS6200: Definitions of the following identifiers conflict with those in another file: USFMBookProjectInterfaceDataTypes, USFMChapterProjectInterfaceDataTypes, USFMVerseProjectInterfaceDataTypes, USXBookProjectInterfaceDataTypes, USXChapterProjectInterfaceDataTypes, USXVerseProjectInterfaceDataTypes, USJBookProjectInterfaceDataTypes, USJChapterProjectInterfaceDataTypes, USJVerseProjectInterfaceDataTypes, UnfinishedScriptureProjectDataTypes, UnfinishedProjectDataProviderExpanded, IUSFMBookProjectDataProvider, IUSFMChapterProjectDataProvider, IUSFMVerseProjectDataProvider, IUSXBookProjectDataProvider, IUSXChapterProjectDataProvider, IUSXVerseProjectDataProvider, IUSJBookProjectDataProvider, IUSJChapterProjectDataProvider, IUSJVerseProjectDataProvider, CheckDetails, CheckDetailsWithCheckId, Check, CheckCreatorFunction, ScriptureRange, CheckInputRange, CheckLocation, CheckRunResult, CheckRunnerCheckDetails, CheckRunnerDataTypes, ICheckRunner, ICheckHostingService, ICheckAggregatorService
../paranext-core/extensions/src/project-notes-data-provider/index.d.ts(1,1): error TS6200: Definitions of the following identifiers conflict with those in another file: ProjectNotesProviderDataTypes, ProjectNotesDataProvider, ProjectNote, ScriptureTextSelection, UserInfo, Comment, Language, Font, CommentParagraph, FormattedString, Bold, Italic, Plain, ProjectNotesSelector, ProjectNotesDataProviderExpanded
../paranext-core/node_modules/@types/react/index.d.ts(4259,14): error TS2300: Duplicate identifier 'ElementType'.
../paranext-core/node_modules/@types/react/index.d.ts(4273,14): error TS2300: Duplicate identifier 'LibraryManagedAttributes'.
../paranext-core/node_modules/@types/react/index.d.ts(4285,13): error TS2717: Subsequent property declarations must have the same type.  Property 'a' must be of type 'DetailedHTMLProps<AnchorHTMLAttributes<HTMLAnchorElement>, HTMLAnchorElement>', but here has type 'DetailedHTMLProps<AnchorHTMLAttributes<HTMLAnchorElement>, HTMLAnchorElement>'.
../paranext-core/node_modules/@types/react/index.d.ts(4286,13): error TS2717: Subsequent property declarations must have the same type.  Property 'abbr' must be of type 'DetailedHTMLProps<HTMLAttributes<HTMLElement>, HTMLElement>', but here has type 'DetailedHTMLProps<HTMLAttributes<HTMLElement>, HTMLElement>'.
../paranext-core/node_modules/@types/react/index.d.ts(4287,13): error TS2717: Subsequent property declarations must have the same type.  Property 'address' must be of type 'DetailedHTMLProps<HTMLAttributes<HTMLElement>, HTMLElement>', but here has type 'DetailedHTMLProps<HTMLAttributes<HTMLElement>, HTMLElement>'.
../paranext-core/node_modules/@types/react/index.d.ts(4288,13): error TS2717: Subsequent property declarations must have the same type.  Property 'area' must be of type 'DetailedHTMLProps<AreaHTMLAttributes<HTMLAreaElement>, HTMLAreaElement>', but here has type 'DetailedHTMLProps<AreaHTMLAttributes<HTMLAreaElement>, HTMLAreaElement>'.
../paranext-core/node_modules/@types/react/index.d.ts(4289,13): error TS2717: Subsequent property declarations must have the same type.  Property 'article' must be of type 'DetailedHTMLProps<HTMLAttributes<HTMLElement>, HTMLElement>', but here has type 'DetailedHTMLProps<HTMLAttributes<HTMLElement>, HTMLElement>'.
../paranext-core/node_modules/@types/react/index.d.ts(4290,13): error TS2717: Subsequent property declarations must have the same type.  Property 'aside' must be of type 'DetailedHTMLProps<HTMLAttributes<HTMLElement>, HTMLElement>', but here has type 'DetailedHTMLProps<HTMLAttributes<HTMLElement>, HTMLElement>'.
../paranext-core/node_modules/@types/react/index.d.ts(4291,13): error TS2717: Subsequent property declarations must have the same type.  Property 'audio' must be of type 'DetailedHTMLProps<AudioHTMLAttributes<HTMLAudioElement>, HTMLAudioElement>', but here has type 'DetailedHTMLProps<AudioHTMLAttributes<HTMLAudioElement>, HTMLAudioElement>'.
../paranext-core/node_modules/@types/react/index.d.ts(4292,13): error TS2717: Subsequent property declarations must have the same type.  Property 'b' must be of type 'DetailedHTMLProps<HTMLAttributes<HTMLElement>, HTMLElement>', but here has type 'DetailedHTMLProps<HTMLAttributes<HTMLElement>, HTMLElement>'.
../paranext-core/node_modules/@types/react/index.d.ts(4293,13): error TS2717: Subsequent property declarations must have the same type.  Property 'base' must be of type 'DetailedHTMLProps<BaseHTMLAttributes<HTMLBaseElement>, HTMLBaseElement>', but here has type 'DetailedHTMLProps<BaseHTMLAttributes<HTMLBaseElement>, HTMLBaseElement>'.
../paranext-core/node_modules/@types/react/index.d.ts(4294,13): error TS2717: Subsequent property declarations must have the same type.  Property 'bdi' must be of type 'DetailedHTMLProps<HTMLAttributes<HTMLElement>, HTMLElement>', but here has type 'DetailedHTMLProps<HTMLAttributes<HTMLElement>, HTMLElement>'.
../paranext-core/node_modules/@types/react/index.d.ts(4295,13): error TS2717: Subsequent property declarations must have the same type.  Property 'bdo' must be of type 'DetailedHTMLProps<HTMLAttributes<HTMLElement>, HTMLElement>', but here has type 'DetailedHTMLProps<HTMLAttributes<HTMLElement>, HTMLElement>'.
../paranext-core/node_modules/@types/react/index.d.ts(4296,13): error TS2717: Subsequent property declarations must have the same type.  Property 'big' must be of type 'DetailedHTMLProps<HTMLAttributes<HTMLElement>, HTMLElement>', but here has type 'DetailedHTMLProps<HTMLAttributes<HTMLElement>, HTMLElement>'.
../paranext-core/node_modules/@types/react/index.d.ts(4297,13): error TS2717: Subsequent property declarations must have the same type.  Property 'blockquote' must be of type 'DetailedHTMLProps<BlockquoteHTMLAttributes<HTMLQuoteElement>, HTMLQuoteElement>', but here has type 'DetailedHTMLProps<BlockquoteHTMLAttributes<HTMLQuoteElement>, HTMLQuoteElement>'.
../paranext-core/node_modules/@types/react/index.d.ts(4298,13): error TS2717: Subsequent property declarations must have the same type.  Property 'body' must be of type 'DetailedHTMLProps<HTMLAttributes<HTMLBodyElement>, HTMLBodyElement>', but here has type 'DetailedHTMLProps<HTMLAttributes<HTMLBodyElement>, HTMLBodyElement>'.
../paranext-core/node_modules/@types/react/index.d.ts(4299,13): error TS2717: Subsequent property declarations must have the same type.  Property 'br' must be of type 'DetailedHTMLProps<HTMLAttributes<HTMLBRElement>, HTMLBRElement>', but here has type 'DetailedHTMLProps<HTMLAttributes<HTMLBRElement>, HTMLBRElement>'.
../paranext-core/node_modules/@types/react/index.d.ts(4300,13): error TS2717: Subsequent property declarations must have the same type.  Property 'button' must be of type 'DetailedHTMLProps<ButtonHTMLAttributes<HTMLButtonElement>, HTMLButtonElement>', but here has type 'DetailedHTMLProps<ButtonHTMLAttributes<HTMLButtonElement>, HTMLButtonElement>'.
../paranext-core/node_modules/@types/react/index.d.ts(4301,13): error TS2717: Subsequent property declarations must have the same type.  Property 'canvas' must be of type 'DetailedHTMLProps<CanvasHTMLAttributes<HTMLCanvasElement>, HTMLCanvasElement>', but here has type 'DetailedHTMLProps<CanvasHTMLAttributes<HTMLCanvasElement>, HTMLCanvasElement>'.
../paranext-core/node_modules/@types/react/index.d.ts(4302,13): error TS2717: Subsequent property declarations must have the same type.  Property 'caption' must be of type 'DetailedHTMLProps<HTMLAttributes<HTMLElement>, HTMLElement>', but here has type 'DetailedHTMLProps<HTMLAttributes<HTMLElement>, HTMLElement>'.
../paranext-core/node_modules/@types/react/index.d.ts(4303,13): error TS2717: Subsequent property declarations must have the same type.  Property 'center' must be of type 'DetailedHTMLProps<HTMLAttributes<HTMLElement>, HTMLElement>', but here has type 'DetailedHTMLProps<HTMLAttributes<HTMLElement>, HTMLElement>'.
../paranext-core/node_modules/@types/react/index.d.ts(4304,13): error TS2717: Subsequent property declarations must have the same type.  Property 'cite' must be of type 'DetailedHTMLProps<HTMLAttributes<HTMLElement>, HTMLElement>', but here has type 'DetailedHTMLProps<HTMLAttributes<HTMLElement>, HTMLElement>'.
../paranext-core/node_modules/@types/react/index.d.ts(4305,13): error TS2717: Subsequent property declarations must have the same type.  Property 'code' must be of type 'DetailedHTMLProps<HTMLAttributes<HTMLElement>, HTMLElement>', but here has type 'DetailedHTMLProps<HTMLAttributes<HTMLElement>, HTMLElement>'.
../paranext-core/node_modules/@types/react/index.d.ts(4306,13): error TS2717: Subsequent property declarations must have the same type.  Property 'col' must be of type 'DetailedHTMLProps<ColHTMLAttributes<HTMLTableColElement>, HTMLTableColElement>', but here has type 'DetailedHTMLProps<ColHTMLAttributes<HTMLTableColElement>, HTMLTableColElement>'.
../paranext-core/node_modules/@types/react/index.d.ts(4307,13): error TS2717: Subsequent property declarations must have the same type.  Property 'colgroup' must be of type 'DetailedHTMLProps<ColgroupHTMLAttributes<HTMLTableColElement>, HTMLTableColElement>', but here has type 'DetailedHTMLProps<ColgroupHTMLAttributes<HTMLTableColElement>, HTMLTableColElement>'.
../paranext-core/node_modules/@types/react/index.d.ts(4308,13): error TS2717: Subsequent property declarations must have the same type.  Property 'data' must be of type 'DetailedHTMLProps<DataHTMLAttributes<HTMLDataElement>, HTMLDataElement>', but here has type 'DetailedHTMLProps<DataHTMLAttributes<HTMLDataElement>, HTMLDataElement>'.
../paranext-core/node_modules/@types/react/index.d.ts(4309,13): error TS2717: Subsequent property declarations must have the same type.  Property 'datalist' must be of type 'DetailedHTMLProps<HTMLAttributes<HTMLDataListElement>, HTMLDataListElement>', but here has type 'DetailedHTMLProps<HTMLAttributes<HTMLDataListElement>, HTMLDataListElement>'.
../paranext-core/node_modules/@types/react/index.d.ts(4310,13): error TS2717: Subsequent property declarations must have the same type.  Property 'dd' must be of type 'DetailedHTMLProps<HTMLAttributes<HTMLElement>, HTMLElement>', but here has type 'DetailedHTMLProps<HTMLAttributes<HTMLElement>, HTMLElement>'.
../paranext-core/node_modules/@types/react/index.d.ts(4311,13): error TS2717: Subsequent property declarations must have the same type.  Property 'del' must be of type 'DetailedHTMLProps<DelHTMLAttributes<HTMLModElement>, HTMLModElement>', but here has type 'DetailedHTMLProps<DelHTMLAttributes<HTMLModElement>, HTMLModElement>'.
../paranext-core/node_modules/@types/react/index.d.ts(4312,13): error TS2717: Subsequent property declarations must have the same type.  Property 'details' must be of type 'DetailedHTMLProps<DetailsHTMLAttributes<HTMLDetailsElement>, HTMLDetailsElement>', but here has type 'DetailedHTMLProps<DetailsHTMLAttributes<HTMLDetailsElement>, HTMLDetailsElement>'.
../paranext-core/node_modules/@types/react/index.d.ts(4313,13): error TS2717: Subsequent property declarations must have the same type.  Property 'dfn' must be of type 'DetailedHTMLProps<HTMLAttributes<HTMLElement>, HTMLElement>', but here has type 'DetailedHTMLProps<HTMLAttributes<HTMLElement>, HTMLElement>'.
../paranext-core/node_modules/@types/react/index.d.ts(4314,13): error TS2717: Subsequent property declarations must have the same type.  Property 'dialog' must be of type 'DetailedHTMLProps<DialogHTMLAttributes<HTMLDialogElement>, HTMLDialogElement>', but here has type 'DetailedHTMLProps<DialogHTMLAttributes<HTMLDialogElement>, HTMLDialogElement>'.
../paranext-core/node_modules/@types/react/index.d.ts(4315,13): error TS2717: Subsequent property declarations must have the same type.  Property 'div' must be of type 'DetailedHTMLProps<HTMLAttributes<HTMLDivElement>, HTMLDivElement>', but here has type 'DetailedHTMLProps<HTMLAttributes<HTMLDivElement>, HTMLDivElement>'.
../paranext-core/node_modules/@types/react/index.d.ts(4316,13): error TS2717: Subsequent property declarations must have the same type.  Property 'dl' must be of type 'DetailedHTMLProps<HTMLAttributes<HTMLDListElement>, HTMLDListElement>', but here has type 'DetailedHTMLProps<HTMLAttributes<HTMLDListElement>, HTMLDListElement>'.
../paranext-core/node_modules/@types/react/index.d.ts(4317,13): error TS2717: Subsequent property declarations must have the same type.  Property 'dt' must be of type 'DetailedHTMLProps<HTMLAttributes<HTMLElement>, HTMLElement>', but here has type 'DetailedHTMLProps<HTMLAttributes<HTMLElement>, HTMLElement>'.
../paranext-core/node_modules/@types/react/index.d.ts(4318,13): error TS2717: Subsequent property declarations must have the same type.  Property 'em' must be of type 'DetailedHTMLProps<HTMLAttributes<HTMLElement>, HTMLElement>', but here has type 'DetailedHTMLProps<HTMLAttributes<HTMLElement>, HTMLElement>'.
../paranext-core/node_modules/@types/react/index.d.ts(4319,13): error TS2717: Subsequent property declarations must have the same type.  Property 'embed' must be of type 'DetailedHTMLProps<EmbedHTMLAttributes<HTMLEmbedElement>, HTMLEmbedElement>', but here has type 'DetailedHTMLProps<EmbedHTMLAttributes<HTMLEmbedElement>, HTMLEmbedElement>'.
../paranext-core/node_modules/@types/react/index.d.ts(4320,13): error TS2717: Subsequent property declarations must have the same type.  Property 'fieldset' must be of type 'DetailedHTMLProps<FieldsetHTMLAttributes<HTMLFieldSetElement>, HTMLFieldSetElement>', but here has type 'DetailedHTMLProps<FieldsetHTMLAttributes<HTMLFieldSetElement>, HTMLFieldSetElement>'.
../paranext-core/node_modules/@types/react/index.d.ts(4321,13): error TS2717: Subsequent property declarations must have the same type.  Property 'figcaption' must be of type 'DetailedHTMLProps<HTMLAttributes<HTMLElement>, HTMLElement>', but here has type 'DetailedHTMLProps<HTMLAttributes<HTMLElement>, HTMLElement>'.
../paranext-core/node_modules/@types/react/index.d.ts(4322,13): error TS2717: Subsequent property declarations must have the same type.  Property 'figure' must be of type 'DetailedHTMLProps<HTMLAttributes<HTMLElement>, HTMLElement>', but here has type 'DetailedHTMLProps<HTMLAttributes<HTMLElement>, HTMLElement>'.
../paranext-core/node_modules/@types/react/index.d.ts(4323,13): error TS2717: Subsequent property declarations must have the same type.  Property 'footer' must be of type 'DetailedHTMLProps<HTMLAttributes<HTMLElement>, HTMLElement>', but here has type 'DetailedHTMLProps<HTMLAttributes<HTMLElement>, HTMLElement>'.
../paranext-core/node_modules/@types/react/index.d.ts(4324,13): error TS2717: Subsequent property declarations must have the same type.  Property 'form' must be of type 'DetailedHTMLProps<FormHTMLAttributes<HTMLFormElement>, HTMLFormElement>', but here has type 'DetailedHTMLProps<FormHTMLAttributes<HTMLFormElement>, HTMLFormElement>'.
../paranext-core/node_modules/@types/react/index.d.ts(4325,13): error TS2717: Subsequent property declarations must have the same type.  Property 'h1' must be of type 'DetailedHTMLProps<HTMLAttributes<HTMLHeadingElement>, HTMLHeadingElement>', but here has type 'DetailedHTMLProps<HTMLAttributes<HTMLHeadingElement>, HTMLHeadingElement>'.
../paranext-core/node_modules/@types/react/index.d.ts(4326,13): error TS2717: Subsequent property declarations must have the same type.  Property 'h2' must be of type 'DetailedHTMLProps<HTMLAttributes<HTMLHeadingElement>, HTMLHeadingElement>', but here has type 'DetailedHTMLProps<HTMLAttributes<HTMLHeadingElement>, HTMLHeadingElement>'.
../paranext-core/node_modules/@types/react/index.d.ts(4327,13): error TS2717: Subsequent property declarations must have the same type.  Property 'h3' must be of type 'DetailedHTMLProps<HTMLAttributes<HTMLHeadingElement>, HTMLHeadingElement>', but here has type 'DetailedHTMLProps<HTMLAttributes<HTMLHeadingElement>, HTMLHeadingElement>'.
../paranext-core/node_modules/@types/react/index.d.ts(4328,13): error TS2717: Subsequent property declarations must have the same type.  Property 'h4' must be of type 'DetailedHTMLProps<HTMLAttributes<HTMLHeadingElement>, HTMLHeadingElement>', but here has type 'DetailedHTMLProps<HTMLAttributes<HTMLHeadingElement>, HTMLHeadingElement>'.
../paranext-core/node_modules/@types/react/index.d.ts(4329,13): error TS2717: Subsequent property declarations must have the same type.  Property 'h5' must be of type 'DetailedHTMLProps<HTMLAttributes<HTMLHeadingElement>, HTMLHeadingElement>', but here has type 'DetailedHTMLProps<HTMLAttributes<HTMLHeadingElement>, HTMLHeadingElement>'.
../paranext-core/node_modules/@types/react/index.d.ts(4330,13): error TS2717: Subsequent property declarations must have the same type.  Property 'h6' must be of type 'DetailedHTMLProps<HTMLAttributes<HTMLHeadingElement>, HTMLHeadingElement>', but here has type 'DetailedHTMLProps<HTMLAttributes<HTMLHeadingElement>, HTMLHeadingElement>'.
../paranext-core/node_modules/@types/react/index.d.ts(4331,13): error TS2717: Subsequent property declarations must have the same type.  Property 'head' must be of type 'DetailedHTMLProps<HTMLAttributes<HTMLHeadElement>, HTMLHeadElement>', but here has type 'DetailedHTMLProps<HTMLAttributes<HTMLHeadElement>, HTMLHeadElement>'.
../paranext-core/node_modules/@types/react/index.d.ts(4332,13): error TS2717: Subsequent property declarations must have the same type.  Property 'header' must be of type 'DetailedHTMLProps<HTMLAttributes<HTMLElement>, HTMLElement>', but here has type 'DetailedHTMLProps<HTMLAttributes<HTMLElement>, HTMLElement>'.
../paranext-core/node_modules/@types/react/index.d.ts(4333,13): error TS2717: Subsequent property declarations must have the same type.  Property 'hgroup' must be of type 'DetailedHTMLProps<HTMLAttributes<HTMLElement>, HTMLElement>', but here has type 'DetailedHTMLProps<HTMLAttributes<HTMLElement>, HTMLElement>'.
../paranext-core/node_modules/@types/react/index.d.ts(4334,13): error TS2717: Subsequent property declarations must have the same type.  Property 'hr' must be of type 'DetailedHTMLProps<HTMLAttributes<HTMLHRElement>, HTMLHRElement>', but here has type 'DetailedHTMLProps<HTMLAttributes<HTMLHRElement>, HTMLHRElement>'.
../paranext-core/node_modules/@types/react/index.d.ts(4335,13): error TS2717: Subsequent property declarations must have the same type.  Property 'html' must be of type 'DetailedHTMLProps<HtmlHTMLAttributes<HTMLHtmlElement>, HTMLHtmlElement>', but here has type 'DetailedHTMLProps<HtmlHTMLAttributes<HTMLHtmlElement>, HTMLHtmlElement>'.
../paranext-core/node_modules/@types/react/index.d.ts(4336,13): error TS2717: Subsequent property declarations must have the same type.  Property 'i' must be of type 'DetailedHTMLProps<HTMLAttributes<HTMLElement>, HTMLElement>', but here has type 'DetailedHTMLProps<HTMLAttributes<HTMLElement>, HTMLElement>'.
../paranext-core/node_modules/@types/react/index.d.ts(4337,13): error TS2717: Subsequent property declarations must have the same type.  Property 'iframe' must be of type 'DetailedHTMLProps<IframeHTMLAttributes<HTMLIFrameElement>, HTMLIFrameElement>', but here has type 'DetailedHTMLProps<IframeHTMLAttributes<HTMLIFrameElement>, HTMLIFrameElement>'.
../paranext-core/node_modules/@types/react/index.d.ts(4338,13): error TS2717: Subsequent property declarations must have the same type.  Property 'img' must be of type 'DetailedHTMLProps<ImgHTMLAttributes<HTMLImageElement>, HTMLImageElement>', but here has type 'DetailedHTMLProps<ImgHTMLAttributes<HTMLImageElement>, HTMLImageElement>'.
../paranext-core/node_modules/@types/react/index.d.ts(4339,13): error TS2717: Subsequent property declarations must have the same type.  Property 'input' must be of type 'DetailedHTMLProps<InputHTMLAttributes<HTMLInputElement>, HTMLInputElement>', but here has type 'DetailedHTMLProps<InputHTMLAttributes<HTMLInputElement>, HTMLInputElement>'.
../paranext-core/node_modules/@types/react/index.d.ts(4340,13): error TS2717: Subsequent property declarations must have the same type.  Property 'ins' must be of type 'DetailedHTMLProps<InsHTMLAttributes<HTMLModElement>, HTMLModElement>', but here has type 'DetailedHTMLProps<InsHTMLAttributes<HTMLModElement>, HTMLModElement>'.
../paranext-core/node_modules/@types/react/index.d.ts(4341,13): error TS2717: Subsequent property declarations must have the same type.  Property 'kbd' must be of type 'DetailedHTMLProps<HTMLAttributes<HTMLElement>, HTMLElement>', but here has type 'DetailedHTMLProps<HTMLAttributes<HTMLElement>, HTMLElement>'.
../paranext-core/node_modules/@types/react/index.d.ts(4342,13): error TS2717: Subsequent property declarations must have the same type.  Property 'keygen' must be of type 'DetailedHTMLProps<KeygenHTMLAttributes<HTMLElement>, HTMLElement>', but here has type 'DetailedHTMLProps<KeygenHTMLAttributes<HTMLElement>, HTMLElement>'.
../paranext-core/node_modules/@types/react/index.d.ts(4343,13): error TS2717: Subsequent property declarations must have the same type.  Property 'label' must be of type 'DetailedHTMLProps<LabelHTMLAttributes<HTMLLabelElement>, HTMLLabelElement>', but here has type 'DetailedHTMLProps<LabelHTMLAttributes<HTMLLabelElement>, HTMLLabelElement>'.
../paranext-core/node_modules/@types/react/index.d.ts(4344,13): error TS2717: Subsequent property declarations must have the same type.  Property 'legend' must be of type 'DetailedHTMLProps<HTMLAttributes<HTMLLegendElement>, HTMLLegendElement>', but here has type 'DetailedHTMLProps<HTMLAttributes<HTMLLegendElement>, HTMLLegendElement>'.
../paranext-core/node_modules/@types/react/index.d.ts(4345,13): error TS2717: Subsequent property declarations must have the same type.  Property 'li' must be of type 'DetailedHTMLProps<LiHTMLAttributes<HTMLLIElement>, HTMLLIElement>', but here has type 'DetailedHTMLProps<LiHTMLAttributes<HTMLLIElement>, HTMLLIElement>'.
../paranext-core/node_modules/@types/react/index.d.ts(4346,13): error TS2717: Subsequent property declarations must have the same type.  Property 'link' must be of type 'DetailedHTMLProps<LinkHTMLAttributes<HTMLLinkElement>, HTMLLinkElement>', but here has type 'DetailedHTMLProps<LinkHTMLAttributes<HTMLLinkElement>, HTMLLinkElement>'.
../paranext-core/node_modules/@types/react/index.d.ts(4347,13): error TS2717: Subsequent property declarations must have the same type.  Property 'main' must be of type 'DetailedHTMLProps<HTMLAttributes<HTMLElement>, HTMLElement>', but here has type 'DetailedHTMLProps<HTMLAttributes<HTMLElement>, HTMLElement>'.
../paranext-core/node_modules/@types/react/index.d.ts(4348,13): error TS2717: Subsequent property declarations must have the same type.  Property 'map' must be of type 'DetailedHTMLProps<MapHTMLAttributes<HTMLMapElement>, HTMLMapElement>', but here has type 'DetailedHTMLProps<MapHTMLAttributes<HTMLMapElement>, HTMLMapElement>'.
../paranext-core/node_modules/@types/react/index.d.ts(4349,13): error TS2717: Subsequent property declarations must have the same type.  Property 'mark' must be of type 'DetailedHTMLProps<HTMLAttributes<HTMLElement>, HTMLElement>', but here has type 'DetailedHTMLProps<HTMLAttributes<HTMLElement>, HTMLElement>'.
../paranext-core/node_modules/@types/react/index.d.ts(4350,13): error TS2717: Subsequent property declarations must have the same type.  Property 'menu' must be of type 'DetailedHTMLProps<MenuHTMLAttributes<HTMLElement>, HTMLElement>', but here has type 'DetailedHTMLProps<MenuHTMLAttributes<HTMLElement>, HTMLElement>'.
../paranext-core/node_modules/@types/react/index.d.ts(4351,13): error TS2717: Subsequent property declarations must have the same type.  Property 'menuitem' must be of type 'DetailedHTMLProps<HTMLAttributes<HTMLElement>, HTMLElement>', but here has type 'DetailedHTMLProps<HTMLAttributes<HTMLElement>, HTMLElement>'.
../paranext-core/node_modules/@types/react/index.d.ts(4352,13): error TS2717: Subsequent property declarations must have the same type.  Property 'meta' must be of type 'DetailedHTMLProps<MetaHTMLAttributes<HTMLMetaElement>, HTMLMetaElement>', but here has type 'DetailedHTMLProps<MetaHTMLAttributes<HTMLMetaElement>, HTMLMetaElement>'.
../paranext-core/node_modules/@types/react/index.d.ts(4353,13): error TS2717: Subsequent property declarations must have the same type.  Property 'meter' must be of type 'DetailedHTMLProps<MeterHTMLAttributes<HTMLMeterElement>, HTMLMeterElement>', but here has type 'DetailedHTMLProps<MeterHTMLAttributes<HTMLMeterElement>, HTMLMeterElement>'.
../paranext-core/node_modules/@types/react/index.d.ts(4354,13): error TS2717: Subsequent property declarations must have the same type.  Property 'nav' must be of type 'DetailedHTMLProps<HTMLAttributes<HTMLElement>, HTMLElement>', but here has type 'DetailedHTMLProps<HTMLAttributes<HTMLElement>, HTMLElement>'.
../paranext-core/node_modules/@types/react/index.d.ts(4355,13): error TS2717: Subsequent property declarations must have the same type.  Property 'noindex' must be of type 'DetailedHTMLProps<HTMLAttributes<HTMLElement>, HTMLElement>', but here has type 'DetailedHTMLProps<HTMLAttributes<HTMLElement>, HTMLElement>'.
../paranext-core/node_modules/@types/react/index.d.ts(4356,13): error TS2717: Subsequent property declarations must have the same type.  Property 'noscript' must be of type 'DetailedHTMLProps<HTMLAttributes<HTMLElement>, HTMLElement>', but here has type 'DetailedHTMLProps<HTMLAttributes<HTMLElement>, HTMLElement>'.
../paranext-core/node_modules/@types/react/index.d.ts(4357,13): error TS2717: Subsequent property declarations must have the same type.  Property 'object' must be of type 'DetailedHTMLProps<ObjectHTMLAttributes<HTMLObjectElement>, HTMLObjectElement>', but here has type 'DetailedHTMLProps<ObjectHTMLAttributes<HTMLObjectElement>, HTMLObjectElement>'.
../paranext-core/node_modules/@types/react/index.d.ts(4358,13): error TS2717: Subsequent property declarations must have the same type.  Property 'ol' must be of type 'DetailedHTMLProps<OlHTMLAttributes<HTMLOListElement>, HTMLOListElement>', but here has type 'DetailedHTMLProps<OlHTMLAttributes<HTMLOListElement>, HTMLOListElement>'.
../paranext-core/node_modules/@types/react/index.d.ts(4359,13): error TS2717: Subsequent property declarations must have the same type.  Property 'optgroup' must be of type 'DetailedHTMLProps<OptgroupHTMLAttributes<HTMLOptGroupElement>, HTMLOptGroupElement>', but here has type 'DetailedHTMLProps<OptgroupHTMLAttributes<HTMLOptGroupElement>, HTMLOptGroupElement>'.
../paranext-core/node_modules/@types/react/index.d.ts(4360,13): error TS2717: Subsequent property declarations must have the same type.  Property 'option' must be of type 'DetailedHTMLProps<OptionHTMLAttributes<HTMLOptionElement>, HTMLOptionElement>', but here has type 'DetailedHTMLProps<OptionHTMLAttributes<HTMLOptionElement>, HTMLOptionElement>'.
../paranext-core/node_modules/@types/react/index.d.ts(4361,13): error TS2717: Subsequent property declarations must have the same type.  Property 'output' must be of type 'DetailedHTMLProps<OutputHTMLAttributes<HTMLOutputElement>, HTMLOutputElement>', but here has type 'DetailedHTMLProps<OutputHTMLAttributes<HTMLOutputElement>, HTMLOutputElement>'.
../paranext-core/node_modules/@types/react/index.d.ts(4362,13): error TS2717: Subsequent property declarations must have the same type.  Property 'p' must be of type 'DetailedHTMLProps<HTMLAttributes<HTMLParagraphElement>, HTMLParagraphElement>', but here has type 'DetailedHTMLProps<HTMLAttributes<HTMLParagraphElement>, HTMLParagraphElement>'.
../paranext-core/node_modules/@types/react/index.d.ts(4363,13): error TS2717: Subsequent property declarations must have the same type.  Property 'param' must be of type 'DetailedHTMLProps<ParamHTMLAttributes<HTMLParamElement>, HTMLParamElement>', but here has type 'DetailedHTMLProps<ParamHTMLAttributes<HTMLParamElement>, HTMLParamElement>'.
../paranext-core/node_modules/@types/react/index.d.ts(4364,13): error TS2717: Subsequent property declarations must have the same type.  Property 'picture' must be of type 'DetailedHTMLProps<HTMLAttributes<HTMLElement>, HTMLElement>', but here has type 'DetailedHTMLProps<HTMLAttributes<HTMLElement>, HTMLElement>'.
../paranext-core/node_modules/@types/react/index.d.ts(4365,13): error TS2717: Subsequent property declarations must have the same type.  Property 'pre' must be of type 'DetailedHTMLProps<HTMLAttributes<HTMLPreElement>, HTMLPreElement>', but here has type 'DetailedHTMLProps<HTMLAttributes<HTMLPreElement>, HTMLPreElement>'.
../paranext-core/node_modules/@types/react/index.d.ts(4366,13): error TS2717: Subsequent property declarations must have the same type.  Property 'progress' must be of type 'DetailedHTMLProps<ProgressHTMLAttributes<HTMLProgressElement>, HTMLProgressElement>', but here has type 'DetailedHTMLProps<ProgressHTMLAttributes<HTMLProgressElement>, HTMLProgressElement>'.
../paranext-core/node_modules/@types/react/index.d.ts(4367,13): error TS2717: Subsequent property declarations must have the same type.  Property 'q' must be of type 'DetailedHTMLProps<QuoteHTMLAttributes<HTMLQuoteElement>, HTMLQuoteElement>', but here has type 'DetailedHTMLProps<QuoteHTMLAttributes<HTMLQuoteElement>, HTMLQuoteElement>'.
../paranext-core/node_modules/@types/react/index.d.ts(4368,13): error TS2717: Subsequent property declarations must have the same type.  Property 'rp' must be of type 'DetailedHTMLProps<HTMLAttributes<HTMLElement>, HTMLElement>', but here has type 'DetailedHTMLProps<HTMLAttributes<HTMLElement>, HTMLElement>'.
../paranext-core/node_modules/@types/react/index.d.ts(4369,13): error TS2717: Subsequent property declarations must have the same type.  Property 'rt' must be of type 'DetailedHTMLProps<HTMLAttributes<HTMLElement>, HTMLElement>', but here has type 'DetailedHTMLProps<HTMLAttributes<HTMLElement>, HTMLElement>'.
../paranext-core/node_modules/@types/react/index.d.ts(4370,13): error TS2717: Subsequent property declarations must have the same type.  Property 'ruby' must be of type 'DetailedHTMLProps<HTMLAttributes<HTMLElement>, HTMLElement>', but here has type 'DetailedHTMLProps<HTMLAttributes<HTMLElement>, HTMLElement>'.
../paranext-core/node_modules/@types/react/index.d.ts(4371,13): error TS2717: Subsequent property declarations must have the same type.  Property 's' must be of type 'DetailedHTMLProps<HTMLAttributes<HTMLElement>, HTMLElement>', but here has type 'DetailedHTMLProps<HTMLAttributes<HTMLElement>, HTMLElement>'.
../paranext-core/node_modules/@types/react/index.d.ts(4372,13): error TS2717: Subsequent property declarations must have the same type.  Property 'samp' must be of type 'DetailedHTMLProps<HTMLAttributes<HTMLElement>, HTMLElement>', but here has type 'DetailedHTMLProps<HTMLAttributes<HTMLElement>, HTMLElement>'.
../paranext-core/node_modules/@types/react/index.d.ts(4373,13): error TS2717: Subsequent property declarations must have the same type.  Property 'search' must be of type 'DetailedHTMLProps<HTMLAttributes<HTMLElement>, HTMLElement>', but here has type 'DetailedHTMLProps<HTMLAttributes<HTMLElement>, HTMLElement>'.
../paranext-core/node_modules/@types/react/index.d.ts(4374,13): error TS2717: Subsequent property declarations must have the same type.  Property 'slot' must be of type 'DetailedHTMLProps<SlotHTMLAttributes<HTMLSlotElement>, HTMLSlotElement>', but here has type 'DetailedHTMLProps<SlotHTMLAttributes<HTMLSlotElement>, HTMLSlotElement>'.
../paranext-core/node_modules/@types/react/index.d.ts(4375,13): error TS2717: Subsequent property declarations must have the same type.  Property 'script' must be of type 'DetailedHTMLProps<ScriptHTMLAttributes<HTMLScriptElement>, HTMLScriptElement>', but here has type 'DetailedHTMLProps<ScriptHTMLAttributes<HTMLScriptElement>, HTMLScriptElement>'.
../paranext-core/node_modules/@types/react/index.d.ts(4376,13): error TS2717: Subsequent property declarations must have the same type.  Property 'section' must be of type 'DetailedHTMLProps<HTMLAttributes<HTMLElement>, HTMLElement>', but here has type 'DetailedHTMLProps<HTMLAttributes<HTMLElement>, HTMLElement>'.
../paranext-core/node_modules/@types/react/index.d.ts(4377,13): error TS2717: Subsequent property declarations must have the same type.  Property 'select' must be of type 'DetailedHTMLProps<SelectHTMLAttributes<HTMLSelectElement>, HTMLSelectElement>', but here has type 'DetailedHTMLProps<SelectHTMLAttributes<HTMLSelectElement>, HTMLSelectElement>'.
../paranext-core/node_modules/@types/react/index.d.ts(4378,13): error TS2717: Subsequent property declarations must have the same type.  Property 'small' must be of type 'DetailedHTMLProps<HTMLAttributes<HTMLElement>, HTMLElement>', but here has type 'DetailedHTMLProps<HTMLAttributes<HTMLElement>, HTMLElement>'.
../paranext-core/node_modules/@types/react/index.d.ts(4379,13): error TS2717: Subsequent property declarations must have the same type.  Property 'source' must be of type 'DetailedHTMLProps<SourceHTMLAttributes<HTMLSourceElement>, HTMLSourceElement>', but here has type 'DetailedHTMLProps<SourceHTMLAttributes<HTMLSourceElement>, HTMLSourceElement>'.
../paranext-core/node_modules/@types/react/index.d.ts(4380,13): error TS2717: Subsequent property declarations must have the same type.  Property 'span' must be of type 'DetailedHTMLProps<HTMLAttributes<HTMLSpanElement>, HTMLSpanElement>', but here has type 'DetailedHTMLProps<HTMLAttributes<HTMLSpanElement>, HTMLSpanElement>'.
../paranext-core/node_modules/@types/react/index.d.ts(4381,13): error TS2717: Subsequent property declarations must have the same type.  Property 'strong' must be of type 'DetailedHTMLProps<HTMLAttributes<HTMLElement>, HTMLElement>', but here has type 'DetailedHTMLProps<HTMLAttributes<HTMLElement>, HTMLElement>'.
../paranext-core/node_modules/@types/react/index.d.ts(4382,13): error TS2717: Subsequent property declarations must have the same type.  Property 'style' must be of type 'DetailedHTMLProps<StyleHTMLAttributes<HTMLStyleElement>, HTMLStyleElement>', but here has type 'DetailedHTMLProps<StyleHTMLAttributes<HTMLStyleElement>, HTMLStyleElement>'.
../paranext-core/node_modules/@types/react/index.d.ts(4383,13): error TS2717: Subsequent property declarations must have the same type.  Property 'sub' must be of type 'DetailedHTMLProps<HTMLAttributes<HTMLElement>, HTMLElement>', but here has type 'DetailedHTMLProps<HTMLAttributes<HTMLElement>, HTMLElement>'.
../paranext-core/node_modules/@types/react/index.d.ts(4384,13): error TS2717: Subsequent property declarations must have the same type.  Property 'summary' must be of type 'DetailedHTMLProps<HTMLAttributes<HTMLElement>, HTMLElement>', but here has type 'DetailedHTMLProps<HTMLAttributes<HTMLElement>, HTMLElement>'.
../paranext-core/node_modules/@types/react/index.d.ts(4385,13): error TS2717: Subsequent property declarations must have the same type.  Property 'sup' must be of type 'DetailedHTMLProps<HTMLAttributes<HTMLElement>, HTMLElement>', but here has type 'DetailedHTMLProps<HTMLAttributes<HTMLElement>, HTMLElement>'.
../paranext-core/node_modules/@types/react/index.d.ts(4386,13): error TS2717: Subsequent property declarations must have the same type.  Property 'table' must be of type 'DetailedHTMLProps<TableHTMLAttributes<HTMLTableElement>, HTMLTableElement>', but here has type 'DetailedHTMLProps<TableHTMLAttributes<HTMLTableElement>, HTMLTableElement>'.
../paranext-core/node_modules/@types/react/index.d.ts(4387,13): error TS2717: Subsequent property declarations must have the same type.  Property 'template' must be of type 'DetailedHTMLProps<HTMLAttributes<HTMLTemplateElement>, HTMLTemplateElement>', but here has type 'DetailedHTMLProps<HTMLAttributes<HTMLTemplateElement>, HTMLTemplateElement>'.
../paranext-core/node_modules/@types/react/index.d.ts(4388,13): error TS2717: Subsequent property declarations must have the same type.  Property 'tbody' must be of type 'DetailedHTMLProps<HTMLAttributes<HTMLTableSectionElement>, HTMLTableSectionElement>', but here has type 'DetailedHTMLProps<HTMLAttributes<HTMLTableSectionElement>, HTMLTableSectionElement>'.
../paranext-core/node_modules/@types/react/index.d.ts(4389,13): error TS2717: Subsequent property declarations must have the same type.  Property 'td' must be of type 'DetailedHTMLProps<TdHTMLAttributes<HTMLTableDataCellElement>, HTMLTableDataCellElement>', but here has type 'DetailedHTMLProps<TdHTMLAttributes<HTMLTableDataCellElement>, HTMLTableDataCellElement>'.
../paranext-core/node_modules/@types/react/index.d.ts(4390,13): error TS2717: Subsequent property declarations must have the same type.  Property 'textarea' must be of type 'DetailedHTMLProps<TextareaHTMLAttributes<HTMLTextAreaElement>, HTMLTextAreaElement>', but here has type 'DetailedHTMLProps<TextareaHTMLAttributes<HTMLTextAreaElement>, HTMLTextAreaElement>'.
../paranext-core/node_modules/@types/react/index.d.ts(4391,13): error TS2717: Subsequent property declarations must have the same type.  Property 'tfoot' must be of type 'DetailedHTMLProps<HTMLAttributes<HTMLTableSectionElement>, HTMLTableSectionElement>', but here has type 'DetailedHTMLProps<HTMLAttributes<HTMLTableSectionElement>, HTMLTableSectionElement>'.
../paranext-core/node_modules/@types/react/index.d.ts(4392,13): error TS2717: Subsequent property declarations must have the same type.  Property 'th' must be of type 'DetailedHTMLProps<ThHTMLAttributes<HTMLTableHeaderCellElement>, HTMLTableHeaderCellElement>', but here has type 'DetailedHTMLProps<ThHTMLAttributes<HTMLTableHeaderCellElement>, HTMLTableHeaderCellElement>'.
../paranext-core/node_modules/@types/react/index.d.ts(4393,13): error TS2717: Subsequent property declarations must have the same type.  Property 'thead' must be of type 'DetailedHTMLProps<HTMLAttributes<HTMLTableSectionElement>, HTMLTableSectionElement>', but here has type 'DetailedHTMLProps<HTMLAttributes<HTMLTableSectionElement>, HTMLTableSectionElement>'.
../paranext-core/node_modules/@types/react/index.d.ts(4394,13): error TS2717: Subsequent property declarations must have the same type.  Property 'time' must be of type 'DetailedHTMLProps<TimeHTMLAttributes<HTMLTimeElement>, HTMLTimeElement>', but here has type 'DetailedHTMLProps<TimeHTMLAttributes<HTMLTimeElement>, HTMLTimeElement>'.
../paranext-core/node_modules/@types/react/index.d.ts(4395,13): error TS2717: Subsequent property declarations must have the same type.  Property 'title' must be of type 'DetailedHTMLProps<HTMLAttributes<HTMLTitleElement>, HTMLTitleElement>', but here has type 'DetailedHTMLProps<HTMLAttributes<HTMLTitleElement>, HTMLTitleElement>'.
../paranext-core/node_modules/@types/react/index.d.ts(4396,13): error TS2717: Subsequent property declarations must have the same type.  Property 'tr' must be of type 'DetailedHTMLProps<HTMLAttributes<HTMLTableRowElement>, HTMLTableRowElement>', but here has type 'DetailedHTMLProps<HTMLAttributes<HTMLTableRowElement>, HTMLTableRowElement>'.
../paranext-core/node_modules/@types/react/index.d.ts(4397,13): error TS2717: Subsequent property declarations must have the same type.  Property 'track' must be of type 'DetailedHTMLProps<TrackHTMLAttributes<HTMLTrackElement>, HTMLTrackElement>', but here has type 'DetailedHTMLProps<TrackHTMLAttributes<HTMLTrackElement>, HTMLTrackElement>'.
../paranext-core/node_modules/@types/react/index.d.ts(4398,13): error TS2717: Subsequent property declarations must have the same type.  Property 'u' must be of type 'DetailedHTMLProps<HTMLAttributes<HTMLElement>, HTMLElement>', but here has type 'DetailedHTMLProps<HTMLAttributes<HTMLElement>, HTMLElement>'.
../paranext-core/node_modules/@types/react/index.d.ts(4399,13): error TS2717: Subsequent property declarations must have the same type.  Property 'ul' must be of type 'DetailedHTMLProps<HTMLAttributes<HTMLUListElement>, HTMLUListElement>', but here has type 'DetailedHTMLProps<HTMLAttributes<HTMLUListElement>, HTMLUListElement>'.
../paranext-core/node_modules/@types/react/index.d.ts(4400,13): error TS2717: Subsequent property declarations must have the same type.  Property '"var"' must be of type 'DetailedHTMLProps<HTMLAttributes<HTMLElement>, HTMLElement>', but here has type 'DetailedHTMLProps<HTMLAttributes<HTMLElement>, HTMLElement>'.
../paranext-core/node_modules/@types/react/index.d.ts(4401,13): error TS2717: Subsequent property declarations must have the same type.  Property 'video' must be of type 'DetailedHTMLProps<VideoHTMLAttributes<HTMLVideoElement>, HTMLVideoElement>', but here has type 'DetailedHTMLProps<VideoHTMLAttributes<HTMLVideoElement>, HTMLVideoElement>'.
../paranext-core/node_modules/@types/react/index.d.ts(4402,13): error TS2717: Subsequent property declarations must have the same type.  Property 'wbr' must be of type 'DetailedHTMLProps<HTMLAttributes<HTMLElement>, HTMLElement>', but here has type 'DetailedHTMLProps<HTMLAttributes<HTMLElement>, HTMLElement>'.
../paranext-core/node_modules/@types/react/index.d.ts(4403,13): error TS2717: Subsequent property declarations must have the same type.  Property 'webview' must be of type 'DetailedHTMLProps<WebViewHTMLAttributes<HTMLWebViewElement>, HTMLWebViewElement>', but here has type 'DetailedHTMLProps<WebViewHTMLAttributes<HTMLWebViewElement>, HTMLWebViewElement>'.
../paranext-core/node_modules/@types/react/index.d.ts(4406,13): error TS2717: Subsequent property declarations must have the same type.  Property 'svg' must be of type 'SVGProps<SVGSVGElement>', but here has type 'SVGProps<SVGSVGElement>'.
../paranext-core/node_modules/@types/react/index.d.ts(4408,13): error TS2717: Subsequent property declarations must have the same type.  Property 'animate' must be of type 'SVGProps<SVGElement>', but here has type 'SVGProps<SVGElement>'.
../paranext-core/node_modules/@types/react/index.d.ts(4409,13): error TS2717: Subsequent property declarations must have the same type.  Property 'animateMotion' must be of type 'SVGProps<SVGElement>', but here has type 'SVGProps<SVGElement>'.
../paranext-core/node_modules/@types/react/index.d.ts(4410,13): error TS2717: Subsequent property declarations must have the same type.  Property 'animateTransform' must be of type 'SVGProps<SVGElement>', but here has type 'SVGProps<SVGElement>'.
../paranext-core/node_modules/@types/react/index.d.ts(4411,13): error TS2717: Subsequent property declarations must have the same type.  Property 'circle' must be of type 'SVGProps<SVGCircleElement>', but here has type 'SVGProps<SVGCircleElement>'.
../paranext-core/node_modules/@types/react/index.d.ts(4412,13): error TS2717: Subsequent property declarations must have the same type.  Property 'clipPath' must be of type 'SVGProps<SVGClipPathElement>', but here has type 'SVGProps<SVGClipPathElement>'.
../paranext-core/node_modules/@types/react/index.d.ts(4413,13): error TS2717: Subsequent property declarations must have the same type.  Property 'defs' must be of type 'SVGProps<SVGDefsElement>', but here has type 'SVGProps<SVGDefsElement>'.
../paranext-core/node_modules/@types/react/index.d.ts(4414,13): error TS2717: Subsequent property declarations must have the same type.  Property 'desc' must be of type 'SVGProps<SVGDescElement>', but here has type 'SVGProps<SVGDescElement>'.
../paranext-core/node_modules/@types/react/index.d.ts(4415,13): error TS2717: Subsequent property declarations must have the same type.  Property 'ellipse' must be of type 'SVGProps<SVGEllipseElement>', but here has type 'SVGProps<SVGEllipseElement>'.
../paranext-core/node_modules/@types/react/index.d.ts(4416,13): error TS2717: Subsequent property declarations must have the same type.  Property 'feBlend' must be of type 'SVGProps<SVGFEBlendElement>', but here has type 'SVGProps<SVGFEBlendElement>'.
../paranext-core/node_modules/@types/react/index.d.ts(4417,13): error TS2717: Subsequent property declarations must have the same type.  Property 'feColorMatrix' must be of type 'SVGProps<SVGFEColorMatrixElement>', but here has type 'SVGProps<SVGFEColorMatrixElement>'.
../paranext-core/node_modules/@types/react/index.d.ts(4418,13): error TS2717: Subsequent property declarations must have the same type.  Property 'feComponentTransfer' must be of type 'SVGProps<SVGFEComponentTransferElement>', but here has type 'SVGProps<SVGFEComponentTransferElement>'.
../paranext-core/node_modules/@types/react/index.d.ts(4419,13): error TS2717: Subsequent property declarations must have the same type.  Property 'feComposite' must be of type 'SVGProps<SVGFECompositeElement>', but here has type 'SVGProps<SVGFECompositeElement>'.
../paranext-core/node_modules/@types/react/index.d.ts(4420,13): error TS2717: Subsequent property declarations must have the same type.  Property 'feConvolveMatrix' must be of type 'SVGProps<SVGFEConvolveMatrixElement>', but here has type 'SVGProps<SVGFEConvolveMatrixElement>'.
../paranext-core/node_modules/@types/react/index.d.ts(4421,13): error TS2717: Subsequent property declarations must have the same type.  Property 'feDiffuseLighting' must be of type 'SVGProps<SVGFEDiffuseLightingElement>', but here has type 'SVGProps<SVGFEDiffuseLightingElement>'.
../paranext-core/node_modules/@types/react/index.d.ts(4422,13): error TS2717: Subsequent property declarations must have the same type.  Property 'feDisplacementMap' must be of type 'SVGProps<SVGFEDisplacementMapElement>', but here has type 'SVGProps<SVGFEDisplacementMapElement>'.
../paranext-core/node_modules/@types/react/index.d.ts(4423,13): error TS2717: Subsequent property declarations must have the same type.  Property 'feDistantLight' must be of type 'SVGProps<SVGFEDistantLightElement>', but here has type 'SVGProps<SVGFEDistantLightElement>'.
../paranext-core/node_modules/@types/react/index.d.ts(4424,13): error TS2717: Subsequent property declarations must have the same type.  Property 'feDropShadow' must be of type 'SVGProps<SVGFEDropShadowElement>', but here has type 'SVGProps<SVGFEDropShadowElement>'.
../paranext-core/node_modules/@types/react/index.d.ts(4425,13): error TS2717: Subsequent property declarations must have the same type.  Property 'feFlood' must be of type 'SVGProps<SVGFEFloodElement>', but here has type 'SVGProps<SVGFEFloodElement>'.
../paranext-core/node_modules/@types/react/index.d.ts(4426,13): error TS2717: Subsequent property declarations must have the same type.  Property 'feFuncA' must be of type 'SVGProps<SVGFEFuncAElement>', but here has type 'SVGProps<SVGFEFuncAElement>'.
../paranext-core/node_modules/@types/react/index.d.ts(4427,13): error TS2717: Subsequent property declarations must have the same type.  Property 'feFuncB' must be of type 'SVGProps<SVGFEFuncBElement>', but here has type 'SVGProps<SVGFEFuncBElement>'.
../paranext-core/node_modules/@types/react/index.d.ts(4428,13): error TS2717: Subsequent property declarations must have the same type.  Property 'feFuncG' must be of type 'SVGProps<SVGFEFuncGElement>', but here has type 'SVGProps<SVGFEFuncGElement>'.
../paranext-core/node_modules/@types/react/index.d.ts(4429,13): error TS2717: Subsequent property declarations must have the same type.  Property 'feFuncR' must be of type 'SVGProps<SVGFEFuncRElement>', but here has type 'SVGProps<SVGFEFuncRElement>'.
../paranext-core/node_modules/@types/react/index.d.ts(4430,13): error TS2717: Subsequent property declarations must have the same type.  Property 'feGaussianBlur' must be of type 'SVGProps<SVGFEGaussianBlurElement>', but here has type 'SVGProps<SVGFEGaussianBlurElement>'.
../paranext-core/node_modules/@types/react/index.d.ts(4431,13): error TS2717: Subsequent property declarations must have the same type.  Property 'feImage' must be of type 'SVGProps<SVGFEImageElement>', but here has type 'SVGProps<SVGFEImageElement>'.
../paranext-core/node_modules/@types/react/index.d.ts(4432,13): error TS2717: Subsequent property declarations must have the same type.  Property 'feMerge' must be of type 'SVGProps<SVGFEMergeElement>', but here has type 'SVGProps<SVGFEMergeElement>'.
../paranext-core/node_modules/@types/react/index.d.ts(4433,13): error TS2717: Subsequent property declarations must have the same type.  Property 'feMergeNode' must be of type 'SVGProps<SVGFEMergeNodeElement>', but here has type 'SVGProps<SVGFEMergeNodeElement>'.
../paranext-core/node_modules/@types/react/index.d.ts(4434,13): error TS2717: Subsequent property declarations must have the same type.  Property 'feMorphology' must be of type 'SVGProps<SVGFEMorphologyElement>', but here has type 'SVGProps<SVGFEMorphologyElement>'.
../paranext-core/node_modules/@types/react/index.d.ts(4435,13): error TS2717: Subsequent property declarations must have the same type.  Property 'feOffset' must be of type 'SVGProps<SVGFEOffsetElement>', but here has type 'SVGProps<SVGFEOffsetElement>'.
../paranext-core/node_modules/@types/react/index.d.ts(4436,13): error TS2717: Subsequent property declarations must have the same type.  Property 'fePointLight' must be of type 'SVGProps<SVGFEPointLightElement>', but here has type 'SVGProps<SVGFEPointLightElement>'.
../paranext-core/node_modules/@types/react/index.d.ts(4437,13): error TS2717: Subsequent property declarations must have the same type.  Property 'feSpecularLighting' must be of type 'SVGProps<SVGFESpecularLightingElement>', but here has type 'SVGProps<SVGFESpecularLightingElement>'.
../paranext-core/node_modules/@types/react/index.d.ts(4438,13): error TS2717: Subsequent property declarations must have the same type.  Property 'feSpotLight' must be of type 'SVGProps<SVGFESpotLightElement>', but here has type 'SVGProps<SVGFESpotLightElement>'.
../paranext-core/node_modules/@types/react/index.d.ts(4439,13): error TS2717: Subsequent property declarations must have the same type.  Property 'feTile' must be of type 'SVGProps<SVGFETileElement>', but here has type 'SVGProps<SVGFETileElement>'.
../paranext-core/node_modules/@types/react/index.d.ts(4440,13): error TS2717: Subsequent property declarations must have the same type.  Property 'feTurbulence' must be of type 'SVGProps<SVGFETurbulenceElement>', but here has type 'SVGProps<SVGFETurbulenceElement>'.
../paranext-core/node_modules/@types/react/index.d.ts(4441,13): error TS2717: Subsequent property declarations must have the same type.  Property 'filter' must be of type 'SVGProps<SVGFilterElement>', but here has type 'SVGProps<SVGFilterElement>'.
../paranext-core/node_modules/@types/react/index.d.ts(4442,13): error TS2717: Subsequent property declarations must have the same type.  Property 'foreignObject' must be of type 'SVGProps<SVGForeignObjectElement>', but here has type 'SVGProps<SVGForeignObjectElement>'.
../paranext-core/node_modules/@types/react/index.d.ts(4443,13): error TS2717: Subsequent property declarations must have the same type.  Property 'g' must be of type 'SVGProps<SVGGElement>', but here has type 'SVGProps<SVGGElement>'.
../paranext-core/node_modules/@types/react/index.d.ts(4444,13): error TS2717: Subsequent property declarations must have the same type.  Property 'image' must be of type 'SVGProps<SVGImageElement>', but here has type 'SVGProps<SVGImageElement>'.
../paranext-core/node_modules/@types/react/index.d.ts(4445,13): error TS2717: Subsequent property declarations must have the same type.  Property 'line' must be of type 'SVGLineElementAttributes<SVGLineElement>', but here has type 'SVGLineElementAttributes<SVGLineElement>'.
../paranext-core/node_modules/@types/react/index.d.ts(4446,13): error TS2717: Subsequent property declarations must have the same type.  Property 'linearGradient' must be of type 'SVGProps<SVGLinearGradientElement>', but here has type 'SVGProps<SVGLinearGradientElement>'.
../paranext-core/node_modules/@types/react/index.d.ts(4447,13): error TS2717: Subsequent property declarations must have the same type.  Property 'marker' must be of type 'SVGProps<SVGMarkerElement>', but here has type 'SVGProps<SVGMarkerElement>'.
../paranext-core/node_modules/@types/react/index.d.ts(4448,13): error TS2717: Subsequent property declarations must have the same type.  Property 'mask' must be of type 'SVGProps<SVGMaskElement>', but here has type 'SVGProps<SVGMaskElement>'.
../paranext-core/node_modules/@types/react/index.d.ts(4449,13): error TS2717: Subsequent property declarations must have the same type.  Property 'metadata' must be of type 'SVGProps<SVGMetadataElement>', but here has type 'SVGProps<SVGMetadataElement>'.
../paranext-core/node_modules/@types/react/index.d.ts(4450,13): error TS2717: Subsequent property declarations must have the same type.  Property 'mpath' must be of type 'SVGProps<SVGElement>', but here has type 'SVGProps<SVGElement>'.
../paranext-core/node_modules/@types/react/index.d.ts(4451,13): error TS2717: Subsequent property declarations must have the same type.  Property 'path' must be of type 'SVGProps<SVGPathElement>', but here has type 'SVGProps<SVGPathElement>'.
../paranext-core/node_modules/@types/react/index.d.ts(4452,13): error TS2717: Subsequent property declarations must have the same type.  Property 'pattern' must be of type 'SVGProps<SVGPatternElement>', but here has type 'SVGProps<SVGPatternElement>'.
../paranext-core/node_modules/@types/react/index.d.ts(4453,13): error TS2717: Subsequent property declarations must have the same type.  Property 'polygon' must be of type 'SVGProps<SVGPolygonElement>', but here has type 'SVGProps<SVGPolygonElement>'.
../paranext-core/node_modules/@types/react/index.d.ts(4454,13): error TS2717: Subsequent property declarations must have the same type.  Property 'polyline' must be of type 'SVGProps<SVGPolylineElement>', but here has type 'SVGProps<SVGPolylineElement>'.
../paranext-core/node_modules/@types/react/index.d.ts(4455,13): error TS2717: Subsequent property declarations must have the same type.  Property 'radialGradient' must be of type 'SVGProps<SVGRadialGradientElement>', but here has type 'SVGProps<SVGRadialGradientElement>'.
../paranext-core/node_modules/@types/react/index.d.ts(4456,13): error TS2717: Subsequent property declarations must have the same type.  Property 'rect' must be of type 'SVGProps<SVGRectElement>', but here has type 'SVGProps<SVGRectElement>'.
../paranext-core/node_modules/@types/react/index.d.ts(4457,13): error TS2717: Subsequent property declarations must have the same type.  Property 'set' must be of type 'SVGProps<SVGSetElement>', but here has type 'SVGProps<SVGSetElement>'.
../paranext-core/node_modules/@types/react/index.d.ts(4458,13): error TS2717: Subsequent property declarations must have the same type.  Property 'stop' must be of type 'SVGProps<SVGStopElement>', but here has type 'SVGProps<SVGStopElement>'.
../paranext-core/node_modules/@types/react/index.d.ts(4459,13): error TS2717: Subsequent property declarations must have the same type.  Property 'switch' must be of type 'SVGProps<SVGSwitchElement>', but here has type 'SVGProps<SVGSwitchElement>'.
../paranext-core/node_modules/@types/react/index.d.ts(4460,13): error TS2717: Subsequent property declarations must have the same type.  Property 'symbol' must be of type 'SVGProps<SVGSymbolElement>', but here has type 'SVGProps<SVGSymbolElement>'.
../paranext-core/node_modules/@types/react/index.d.ts(4461,13): error TS2717: Subsequent property declarations must have the same type.  Property 'text' must be of type 'SVGTextElementAttributes<SVGTextElement>', but here has type 'SVGTextElementAttributes<SVGTextElement>'.
../paranext-core/node_modules/@types/react/index.d.ts(4462,13): error TS2717: Subsequent property declarations must have the same type.  Property 'textPath' must be of type 'SVGProps<SVGTextPathElement>', but here has type 'SVGProps<SVGTextPathElement>'.
../paranext-core/node_modules/@types/react/index.d.ts(4463,13): error TS2717: Subsequent property declarations must have the same type.  Property 'tspan' must be of type 'SVGProps<SVGTSpanElement>', but here has type 'SVGProps<SVGTSpanElement>'.
../paranext-core/node_modules/@types/react/index.d.ts(4464,13): error TS2717: Subsequent property declarations must have the same type.  Property 'use' must be of type 'SVGProps<SVGUseElement>', but here has type 'SVGProps<SVGUseElement>'.
../paranext-core/node_modules/@types/react/index.d.ts(4465,13): error TS2717: Subsequent property declarations must have the same type.  Property 'view' must be of type 'SVGProps<SVGViewElement>', but here has type 'SVGProps<SVGViewElement>'.
node_modules/@types/react/index.d.ts(4259,14): error TS2300: Duplicate identifier 'ElementType'.
node_modules/@types/react/index.d.ts(4273,14): error TS2300: Duplicate identifier 'LibraryManagedAttributes'.
